###############################################################################
#
# IAR ELF Linker V9.20.1.318/W64 for ARM                  25/Jun/2023  18:51:57
# Copyright 2007-2021 IAR Systems AB.
#
#    Output file  =  E:\Test_gen\TIM_Test\EWARM\TIM_Test\Exe\TIM_Test.out
#    Map file     =  E:\Test_gen\TIM_Test\EWARM\TIM_Test\List\TIM_Test.map
#    Command line =
#        -f E:\Test_gen\TIM_Test\EWARM\TIM_Test\Exe\TIM_Test.out.rsp
#        (E:\Test_gen\TIM_Test\EWARM\TIM_Test\Obj\Application\User\Core\main.o
#        E:\Test_gen\TIM_Test\EWARM\TIM_Test\Obj\Application\EWARM\startup_stm32f103xb.o
#        E:\Test_gen\TIM_Test\EWARM\TIM_Test\Obj\Drivers\STM32F1xx_HAL_Driver\stm32f1xx_hal.o
#        E:\Test_gen\TIM_Test\EWARM\TIM_Test\Obj\Drivers\STM32F1xx_HAL_Driver\stm32f1xx_hal_cortex.o
#        E:\Test_gen\TIM_Test\EWARM\TIM_Test\Obj\Drivers\STM32F1xx_HAL_Driver\stm32f1xx_hal_dma.o
#        E:\Test_gen\TIM_Test\EWARM\TIM_Test\Obj\Drivers\STM32F1xx_HAL_Driver\stm32f1xx_hal_exti.o
#        E:\Test_gen\TIM_Test\EWARM\TIM_Test\Obj\Drivers\STM32F1xx_HAL_Driver\stm32f1xx_hal_flash.o
#        E:\Test_gen\TIM_Test\EWARM\TIM_Test\Obj\Drivers\STM32F1xx_HAL_Driver\stm32f1xx_hal_flash_ex.o
#        E:\Test_gen\TIM_Test\EWARM\TIM_Test\Obj\Drivers\STM32F1xx_HAL_Driver\stm32f1xx_hal_gpio.o
#        E:\Test_gen\TIM_Test\EWARM\TIM_Test\Obj\Drivers\STM32F1xx_HAL_Driver\stm32f1xx_hal_gpio_ex.o
#        E:\Test_gen\TIM_Test\EWARM\TIM_Test\Obj\Application\User\Core\stm32f1xx_hal_msp.o
#        E:\Test_gen\TIM_Test\EWARM\TIM_Test\Obj\Drivers\STM32F1xx_HAL_Driver\stm32f1xx_hal_pwr.o
#        E:\Test_gen\TIM_Test\EWARM\TIM_Test\Obj\Drivers\STM32F1xx_HAL_Driver\stm32f1xx_hal_rcc.o
#        E:\Test_gen\TIM_Test\EWARM\TIM_Test\Obj\Drivers\STM32F1xx_HAL_Driver\stm32f1xx_hal_rcc_ex.o
#        E:\Test_gen\TIM_Test\EWARM\TIM_Test\Obj\Drivers\STM32F1xx_HAL_Driver\stm32f1xx_hal_tim.o
#        E:\Test_gen\TIM_Test\EWARM\TIM_Test\Obj\Drivers\STM32F1xx_HAL_Driver\stm32f1xx_hal_tim_ex.o
#        E:\Test_gen\TIM_Test\EWARM\TIM_Test\Obj\Application\User\Core\stm32f1xx_it.o
#        E:\Test_gen\TIM_Test\EWARM\TIM_Test\Obj\Drivers\CMSIS\system_stm32f1xx.o
#        --no_out_extension -o
#        E:\Test_gen\TIM_Test\EWARM\TIM_Test\Exe\TIM_Test.out --redirect
#        _Printf=_PrintfFullNoMb --redirect _Scanf=_ScanfFullNoMb --map
#        E:\Test_gen\TIM_Test\EWARM\TIM_Test\List\TIM_Test.map --config
#        E:\Test_gen\TIM_Test\EWARM/stm32f103xb_flash.icf --semihosting --entry
#        __iar_program_start --vfe --text_out locale)
#
###############################################################################

*******************************************************************************
*** RUNTIME MODEL ATTRIBUTES
***

CppFlavor       = *
__CPP_Runtime   = 1
__SystemLibrary = DLib
__dlib_version  = 6


*******************************************************************************
*** HEAP SELECTION
***

The basic heap was selected because no calls to memory allocation
functions were found in the application outside of system library
functions, and there are calls to deallocation functions in the
application.


*******************************************************************************
*** PLACEMENT SUMMARY
***

"A0":  place at address 0x800'0000 { ro section .intvec };
"P1":  place in [from 0x800'0000 to 0x801'ffff] { ro };
define block CSTACK with size = 1K, alignment = 8 { };
define block HEAP with size = 512, alignment = 8 { };
"P2":  place in [from 0x2000'0000 to 0x2000'4fff] {
          rw, block CSTACK, block HEAP };
initialize by copy { rw };

  Section            Kind         Address    Size  Object
  -------            ----         -------    ----  ------
"A0":                                        0xec
  .intvec            ro code   0x800'0000    0xec  startup_stm32f103xb.o [1]
                             - 0x800'00ec    0xec

"P1":                                      0x1044
  .text              ro code   0x800'00ec   0x496  stm32f1xx_hal_rcc.o [4]
  .text              ro code   0x800'0582    0x2a  copy_init3.o [6]
  .text              ro code   0x800'05ac     0xc  stm32f1xx_hal.o [4]
  .text              ro code   0x800'05b8    0x40  stm32f1xx_hal.o [4]
  .text              ro code   0x800'05f8    0xc4  stm32f1xx_hal_cortex.o [4]
  .text              ro code   0x800'06bc   0x398  stm32f1xx_hal_tim.o [4]
  .text              ro code   0x800'0a54    0x7c  stm32f1xx_hal_msp.o [2]
  .text              ro code   0x800'0ad0     0x2  stm32f1xx_hal_tim.o [4]
  .text              ro code   0x800'0ad2     0x2  stm32f1xx_hal_tim.o [4]
  .text              ro code   0x800'0ad4   0x172  main.o [2]
  .text              ro code   0x800'0c46     0x2  stm32f1xx_hal_tim_ex.o [4]
  .text              ro code   0x800'0c48     0x2  stm32f1xx_hal_tim.o [4]
  .text              ro code   0x800'0c4a     0x2  stm32f1xx_hal_tim_ex.o [4]
  .text              ro code   0x800'0c4c     0x2  stm32f1xx_hal_tim.o [4]
  .text              ro code   0x800'0c50   0x1e8  stm32f1xx_hal_gpio.o [4]
  .text              ro code   0x800'0e38    0x24  stm32f1xx_hal.o [4]
  .text              ro code   0x800'0e5c    0x14  memset.o [6]
  .text              ro code   0x800'0e70    0x64  stm32f1xx_hal_tim_ex.o [4]
  .text              ro code   0x800'0ed4    0x66  ABImemset.o [6]
  .text              ro code   0x800'0f3a    0x38  zero_init3.o [6]
  .text              ro code   0x800'0f74    0x28  data_init.o [6]
  .iar.init_table    const     0x800'0f9c    0x24  - Linker created -
  .text              ro code   0x800'0fc0    0x20  stm32f1xx_it.o [2]
  .text              ro code   0x800'0fe0    0x10  stm32f1xx_hal.o [4]
  .text              ro code   0x800'0ff0    0x1e  cmain.o [6]
  .text              ro code   0x800'100e     0x4  low_level_init.o [5]
  .text              ro code   0x800'1012     0x4  exit.o [5]
  .text              ro code   0x800'1018     0xa  cexit.o [6]
  .text              ro code   0x800'1024    0x14  exit.o [7]
  .text              ro code   0x800'1038    0x1c  cstartup_M.o [6]
  .text              ro code   0x800'1054    0x14  system_stm32f1xx.o [3]
  .text              ro code   0x800'1068    0x10  startup_stm32f103xb.o [1]
  Initializer bytes  const     0x800'1078    0x10  <for P2-1>
  .text              ro code   0x800'1088     0x4  startup_stm32f103xb.o [1]
  .text              ro code   0x800'108c     0x4  startup_stm32f103xb.o [1]
  .text              ro code   0x800'1090     0x4  startup_stm32f103xb.o [1]
  .text              ro code   0x800'1094     0x4  startup_stm32f103xb.o [1]
  .text              ro code   0x800'1098     0x4  startup_stm32f103xb.o [1]
  .text              ro code   0x800'109c     0x4  startup_stm32f103xb.o [1]
  .text              ro code   0x800'10a0     0x4  startup_stm32f103xb.o [1]
  .text              ro code   0x800'10a4     0x4  startup_stm32f103xb.o [1]
  .text              ro code   0x800'10a8     0x4  startup_stm32f103xb.o [1]
  .text              ro code   0x800'10ac     0x4  startup_stm32f103xb.o [1]
  .text              ro code   0x800'10b0     0x4  startup_stm32f103xb.o [1]
  .text              ro code   0x800'10b4     0x4  startup_stm32f103xb.o [1]
  .text              ro code   0x800'10b8     0x4  startup_stm32f103xb.o [1]
  .text              ro code   0x800'10bc     0x4  startup_stm32f103xb.o [1]
  .text              ro code   0x800'10c0     0x4  startup_stm32f103xb.o [1]
  .text              ro code   0x800'10c4     0x4  startup_stm32f103xb.o [1]
  .text              ro code   0x800'10c8     0x4  startup_stm32f103xb.o [1]
  .text              ro code   0x800'10cc     0x4  startup_stm32f103xb.o [1]
  .text              ro code   0x800'10d0     0x4  startup_stm32f103xb.o [1]
  .text              ro code   0x800'10d4     0x4  startup_stm32f103xb.o [1]
  .text              ro code   0x800'10d8     0x4  startup_stm32f103xb.o [1]
  .text              ro code   0x800'10dc     0x4  startup_stm32f103xb.o [1]
  .text              ro code   0x800'10e0     0x4  startup_stm32f103xb.o [1]
  .text              ro code   0x800'10e4     0x4  startup_stm32f103xb.o [1]
  .text              ro code   0x800'10e8     0x4  startup_stm32f103xb.o [1]
  .text              ro code   0x800'10ec     0x4  startup_stm32f103xb.o [1]
  .text              ro code   0x800'10f0     0x4  startup_stm32f103xb.o [1]
  .text              ro code   0x800'10f4     0x4  startup_stm32f103xb.o [1]
  .text              ro code   0x800'10f8     0x4  startup_stm32f103xb.o [1]
  .text              ro code   0x800'10fc     0x4  startup_stm32f103xb.o [1]
  .text              ro code   0x800'1100     0x4  startup_stm32f103xb.o [1]
  .text              ro code   0x800'1104     0x4  startup_stm32f103xb.o [1]
  .text              ro code   0x800'1108     0x4  startup_stm32f103xb.o [1]
  .text              ro code   0x800'110c     0x4  startup_stm32f103xb.o [1]
  .text              ro code   0x800'1110     0x4  startup_stm32f103xb.o [1]
  .text              ro code   0x800'1114     0x4  startup_stm32f103xb.o [1]
  .text              ro code   0x800'1118     0x4  startup_stm32f103xb.o [1]
  .text              ro code   0x800'111c     0x4  startup_stm32f103xb.o [1]
  .text              ro code   0x800'1120     0x4  startup_stm32f103xb.o [1]
  .text              ro code   0x800'1124     0x4  startup_stm32f103xb.o [1]
  .text              ro code   0x800'1128     0x4  startup_stm32f103xb.o [1]
  .text              ro code   0x800'112c     0x4  startup_stm32f103xb.o [1]
  .rodata            const     0x800'1130     0x0  zero_init3.o [6]
  .rodata            const     0x800'1130     0x0  copy_init3.o [6]
                             - 0x800'1130  0x1044

"P2", part 1 of 3:                           0x10
  P2-1                        0x2000'0000    0x10  <Init block>
    .data            inited   0x2000'0000     0xc  stm32f1xx_hal.o [4]
    .data            inited   0x2000'000c     0x4  system_stm32f1xx.o [3]
                            - 0x2000'0010    0x10

"P2", part 2 of 3:                           0x48
  .bss               zero     0x2000'0010    0x48  main.o [2]
                            - 0x2000'0058    0x48

"P2", part 3 of 3:                          0x400
  CSTACK                      0x2000'0058   0x400  <Block>
    CSTACK           uninit   0x2000'0058   0x400  <Block tail>
                            - 0x2000'0458   0x400

Unused ranges:

         From           To      Size
         ----           --      ----
   0x800'1130   0x801'ffff  0x1'eed0
  0x2000'0458  0x2000'4fff    0x4ba8


*******************************************************************************
*** INIT TABLE
***

          Address      Size
          -------      ----
Zero (__iar_zero_init3)
    1 destination range, total size 0x48:
          0x2000'0010  0x48

Copy (__iar_copy_init3)
    1 source range, total size 0x10:
           0x800'1078  0x10
    1 destination range, total size 0x10:
          0x2000'0000  0x10



*******************************************************************************
*** MODULE SUMMARY
***

    Module                  ro code  ro data  rw data
    ------                  -------  -------  -------
command line/config:
    -------------------------------------------------
    Total:

E:\Test_gen\TIM_Test\EWARM\TIM_Test\Obj\Application\EWARM: [1]
    startup_stm32f103xb.o       420
    -------------------------------------------------
    Total:                      420

E:\Test_gen\TIM_Test\EWARM\TIM_Test\Obj\Application\User\Core: [2]
    main.o                      370                72
    stm32f1xx_hal_msp.o         124
    stm32f1xx_it.o               32
    -------------------------------------------------
    Total:                      526                72

E:\Test_gen\TIM_Test\EWARM\TIM_Test\Obj\Drivers\CMSIS: [3]
    system_stm32f1xx.o           20        4        4
    -------------------------------------------------
    Total:                       20        4        4

E:\Test_gen\TIM_Test\EWARM\TIM_Test\Obj\Drivers\STM32F1xx_HAL_Driver: [4]
    stm32f1xx_hal.o             128       12       12
    stm32f1xx_hal_cortex.o      196
    stm32f1xx_hal_gpio.o        488
    stm32f1xx_hal_rcc.o       1'174
    stm32f1xx_hal_tim.o         928
    stm32f1xx_hal_tim_ex.o      104
    -------------------------------------------------
    Total:                    3'018       12       12

dl7M_tln.a: [5]
    exit.o                        4
    low_level_init.o              4
    -------------------------------------------------
    Total:                        8

rt7M_tl.a: [6]
    ABImemset.o                 102
    cexit.o                      10
    cmain.o                      30
    copy_init3.o                 42
    cstartup_M.o                 28
    data_init.o                  40
    memset.o                     20
    zero_init3.o                 56
    -------------------------------------------------
    Total:                      328

shb_l.a: [7]
    exit.o                       20
    -------------------------------------------------
    Total:                       20

    Gaps                          8
    Linker created                        36    1'024
-----------------------------------------------------
    Grand Total:              4'348       52    1'112


*******************************************************************************
*** ENTRY LIST
***

Entry                       Address   Size  Type      Object
-----                       -------   ----  ----      ------
.iar.init_table$$Base    0x800'0f9c          --   Gb  - Linker created -
.iar.init_table$$Limit   0x800'0fc0          --   Gb  - Linker created -
?main                    0x800'0ff1         Code  Gb  cmain.o [6]
AHBPrescTable            0x800'1058   0x10  Data  Gb  system_stm32f1xx.o [3]
BusFault_Handler         0x800'0fc7    0x2  Code  Gb  stm32f1xx_it.o [2]
CSTACK$$Base            0x2000'0058          --   Gb  - Linker created -
CSTACK$$Limit           0x2000'0458          --   Gb  - Linker created -
DebugMon_Handler         0x800'0fcd    0x2  Code  Gb  stm32f1xx_it.o [2]
Error_Handler            0x800'0c43    0x4  Code  Gb  main.o [2]
HAL_GPIO_Init            0x800'0c51  0x19c  Code  Gb  stm32f1xx_hal_gpio.o [4]
HAL_GPIO_TogglePin       0x800'0df5   0x10  Code  Gb  stm32f1xx_hal_gpio.o [4]
HAL_GPIO_WritePin        0x800'0ded    0x8  Code  Gb  stm32f1xx_hal_gpio.o [4]
HAL_GetTick              0x800'05ad    0xc  Code  Wk  stm32f1xx_hal.o [4]
HAL_IncTick              0x800'0fe1   0x10  Code  Wk  stm32f1xx_hal.o [4]
HAL_Init                 0x800'0e39   0x20  Code  Gb  stm32f1xx_hal.o [4]
HAL_InitTick             0x800'05b9   0x40  Code  Wk  stm32f1xx_hal.o [4]
HAL_MspInit              0x800'0a55   0x3a  Code  Gb  stm32f1xx_hal_msp.o [2]
HAL_NVIC_EnableIRQ       0x800'0667   0x16  Code  Gb  stm32f1xx_hal_cortex.o [4]
HAL_NVIC_SetPriority     0x800'062d   0x3a  Code  Gb  stm32f1xx_hal_cortex.o [4]
HAL_NVIC_SetPriorityGrouping
                         0x800'0613   0x1a  Code  Gb  stm32f1xx_hal_cortex.o [4]
HAL_RCC_ClockConfig      0x800'0401   0xf4  Code  Gb  stm32f1xx_hal_rcc.o [4]
HAL_RCC_GetSysClockFreq
                         0x800'0509   0x3a  Code  Gb  stm32f1xx_hal_rcc.o [4]
HAL_RCC_GetSysClockFreq::aPLLMULFactorTable
                         0x800'0570   0x10  Data  Lc  stm32f1xx_hal_rcc.o [4]
HAL_RCC_GetSysClockFreq::aPredivFactorTable
                         0x800'0580    0x2  Data  Lc  stm32f1xx_hal_rcc.o [4]
HAL_RCC_OscConfig        0x800'00ed  0x30c  Code  Gb  stm32f1xx_hal_rcc.o [4]
HAL_SYSTICK_Config       0x800'067d   0x28  Code  Gb  stm32f1xx_hal_cortex.o [4]
HAL_TIMEx_BreakCallback
                         0x800'0c47    0x2  Code  Wk  stm32f1xx_hal_tim_ex.o [4]
HAL_TIMEx_CommutCallback
                         0x800'0c4b    0x2  Code  Wk  stm32f1xx_hal_tim_ex.o [4]
HAL_TIMEx_MasterConfigSynchronization
                         0x800'0e71   0x56  Code  Gb  stm32f1xx_hal_tim_ex.o [4]
HAL_TIM_Base_Init        0x800'06bd   0x1a  Code  Gb  stm32f1xx_hal_tim.o [4]
HAL_TIM_Base_MspInit     0x800'0a8f   0x34  Code  Gb  stm32f1xx_hal_msp.o [2]
HAL_TIM_Base_Start_IT    0x800'06d7   0x56  Code  Gb  stm32f1xx_hal_tim.o [4]
HAL_TIM_ConfigClockSource
                         0x800'08b1   0xaa  Code  Gb  stm32f1xx_hal_tim.o [4]
HAL_TIM_IRQHandler       0x800'0769  0x142  Code  Gb  stm32f1xx_hal_tim.o [4]
HAL_TIM_PeriodElapsedCallback
                         0x800'0ad5   0x14  Code  Gb  main.o [2]
HardFault_Handler        0x800'0fc3    0x2  Code  Gb  stm32f1xx_it.o [2]
MemManage_Handler        0x800'0fc5    0x2  Code  Gb  stm32f1xx_it.o [2]
NMI_Handler              0x800'0fc1    0x2  Code  Gb  stm32f1xx_it.o [2]
PendSV_Handler           0x800'0fcf    0x2  Code  Gb  stm32f1xx_it.o [2]
Region$$Table$$Base      0x800'0f9c          --   Gb  - Linker created -
Region$$Table$$Limit     0x800'0fc0          --   Gb  - Linker created -
SVC_Handler              0x800'0fcb    0x2  Code  Gb  stm32f1xx_it.o [2]
SysTick_Handler          0x800'0fd1    0x4  Code  Gb  stm32f1xx_it.o [2]
SystemClock_Config       0x800'0bdd   0x66  Code  Gb  main.o [2]
SystemCoreClock         0x2000'000c    0x4  Data  Gb  system_stm32f1xx.o [3]
SystemInit               0x800'1055    0x2  Code  Gb  system_stm32f1xx.o [3]
TIM1_UP_IRQHandler       0x800'0fd5    0x6  Code  Gb  stm32f1xx_it.o [2]
TIM_Base_SetConfig       0x800'0975   0x5e  Code  Gb  stm32f1xx_hal_tim.o [4]
TIM_ETR_SetConfig        0x800'0a3b   0x14  Code  Gb  stm32f1xx_hal_tim.o [4]
TIM_ITRx_SetConfig       0x800'0a2b   0x10  Code  Lc  stm32f1xx_hal_tim.o [4]
TIM_TI1_ConfigInputStage
                         0x800'09e9   0x1e  Code  Lc  stm32f1xx_hal_tim.o [4]
TIM_TI2_ConfigInputStage
                         0x800'0a07   0x24  Code  Lc  stm32f1xx_hal_tim.o [4]
UsageFault_Handler       0x800'0fc9    0x2  Code  Gb  stm32f1xx_it.o [2]
__NVIC_SetPriority       0x800'05f9   0x1a  Code  Lc  stm32f1xx_hal_cortex.o [4]
__aeabi_memset           0x800'0ed5         Code  Gb  ABImemset.o [6]
__cmain                  0x800'0ff1         Code  Gb  cmain.o [6]
__exit                   0x800'1025   0x14  Code  Gb  exit.o [7]
__iar_Memset             0x800'0ed5         Code  Gb  ABImemset.o [6]
__iar_Memset_word        0x800'0edd         Code  Gb  ABImemset.o [6]
__iar_copy_init3         0x800'0583   0x2a  Code  Gb  copy_init3.o [6]
__iar_data_init3         0x800'0f75   0x28  Code  Gb  data_init.o [6]
__iar_program_start      0x800'1039         Code  Gb  cstartup_M.o [6]
__iar_zero_init3         0x800'0f3b   0x38  Code  Gb  zero_init3.o [6]
__low_level_init         0x800'100f    0x4  Code  Gb  low_level_init.o [5]
__vector_table           0x800'0000         Data  Gb  startup_stm32f103xb.o [1]
_call_main               0x800'0ffd         Code  Gb  cmain.o [6]
_exit                    0x800'1019         Code  Gb  cexit.o [6]
exit                     0x800'1013    0x4  Code  Gb  exit.o [5]
htim1                   0x2000'0010   0x48  Data  Gb  main.o [2]
main                     0x800'0ae9   0xe2  Code  Gb  main.o [2]
memset                   0x800'0e5d   0x14  Code  Gb  memset.o [6]
uwTick                  0x2000'0004    0x4  Data  Gb  stm32f1xx_hal.o [4]
uwTickFreq              0x2000'0000    0x1  Data  Gb  stm32f1xx_hal.o [4]
uwTickPrio              0x2000'0008    0x4  Data  Gb  stm32f1xx_hal.o [4]


[1] = E:\Test_gen\TIM_Test\EWARM\TIM_Test\Obj\Application\EWARM
[2] = E:\Test_gen\TIM_Test\EWARM\TIM_Test\Obj\Application\User\Core
[3] = E:\Test_gen\TIM_Test\EWARM\TIM_Test\Obj\Drivers\CMSIS
[4] = E:\Test_gen\TIM_Test\EWARM\TIM_Test\Obj\Drivers\STM32F1xx_HAL_Driver
[5] = dl7M_tln.a
[6] = rt7M_tl.a
[7] = shb_l.a

  4'348 bytes of readonly  code memory
     52 bytes of readonly  data memory
  1'112 bytes of readwrite data memory

Errors: none
Warnings: none
